definitions = "definition.csv"
provinces = "provinces.png"
rivers = "rivers.png"
topology = "heightmap.heightmap"
continent = "continent.txt"
adjacencies = "adjacencies.csv"
island_region = "island_region.txt"
geographical_region = "geographical_region.txt"
seasons = "seasons.txt"

#############
# SEA ZONES
#############
sea_zones = RANGE { 4200 4414 }


#############
# IMPASSABLE SEAS
#############


###############
# MAJOR RIVERS
###############
river_provinces = LIST { 4594 }		# Red Fork 6
river_provinces = LIST { 4593 }		# Red Fork 5
river_provinces = LIST { 4592 }		# Red Fork 4
river_provinces = LIST { 4591 }		# Red Fork 3
river_provinces = LIST { 4590 }		# Red Fork 2
river_provinces = LIST { 4589 }		# Red Fork 1
river_provinces = LIST { 4460 }		# MAN1
river_provinces = LIST { 4456 }		# OLDR3
river_provinces = LIST { 4457 }		# OLDR4
river_provinces = LIST { 4458 }		# OLDR5
river_provinces = LIST { 4459 }		# OLDR6
river_provinces = LIST { 4464 }		# MAN5
river_provinces = LIST { 4463 }		# MAN4
river_provinces = LIST { 4462 }		# MAN3
river_provinces = LIST { 4454 }		# OLDR1
river_provinces = LIST { 4461 }		# MAN2
river_provinces = LIST { 4455 }		# OLDR2
river_provinces = LIST { 4466 }		# MAN7
river_provinces = LIST { 4465 }		# MAN6
river_provinces = LIST { 4522 }		# Stormriver N 3
river_provinces = LIST { 4523 }		# Stormriver N 4
river_provinces = LIST { 4520 }		# Stormriver N 1
river_provinces = LIST { 4521 }		# Stormriver N 2
river_provinces = LIST { 4480 }		# N Mander 2
river_provinces = LIST { 4479 }		# N Mander 1
river_provinces = LIST { 4692 }		# In 1
river_provinces = LIST { 4484 }		# N Mander 6
river_provinces = LIST { 4693 }		# In 2
river_provinces = LIST { 4483 }		# N Mander 5
river_provinces = LIST { 4482 }		# N Mander 4
river_provinces = LIST { 4422 }		# Vaith1
river_provinces = LIST { 4481 }		# N Mander 3
river_provinces = LIST { 4696 }		# In 5
river_provinces = LIST { 4694 }		# In 3
river_provinces = LIST { 4695 }		# In 4
river_provinces = LIST { 4698 }		# Re2
river_provinces = LIST { 4697 }		# Re1
river_provinces = LIST { 4700 }		# Re4
river_provinces = LIST { 4532 }		# GER 5
river_provinces = LIST { 4448 }		# RER16
river_provinces = LIST { 4430 }		# VUL5
river_provinces = LIST { 4699 }		# Re3
river_provinces = LIST { 4531 }		# GER 4
river_provinces = LIST { 4449 }		# RER17
river_provinces = LIST { 4702 }		# Re6
river_provinces = LIST { 4450 }		# RER18
river_provinces = LIST { 4701 }		# Re5
river_provinces = LIST { 4533 }		# GER 6
river_provinces = LIST { 4451 }		# RER19
river_provinces = LIST { 4704 }		# Re8
river_provinces = LIST { 4444 }		# RER12
river_provinces = LIST { 4703 }		# Re7
river_provinces = LIST { 4445 }		# RER13
river_provinces = LIST { 4446 }		# RER14
river_provinces = LIST { 4705 }		# Re9
river_provinces = LIST { 4447 }		# RER15
river_provinces = LIST { 4528 }		# GER 1
river_provinces = LIST { 4426 }		# VUL1
river_provinces = LIST { 4427 }		# VUL2
river_provinces = LIST { 4530 }		# GER 3
river_provinces = LIST { 4428 }		# VUL3
river_provinces = LIST { 4529 }		# GER 2
river_provinces = LIST { 4429 }		# VUL4
river_provinces = LIST { 4478 }		# NE Mander 4
river_provinces = LIST { 4475 }		# NE Mander 1
river_provinces = LIST { 4476 }		# NE Mander 2
river_provinces = LIST { 4477 }		# NE Mander 3
river_provinces = LIST { 4452 }		# RER20
river_provinces = LIST { 4453 }		# RER21
river_provinces = LIST { 4495 }		# Goldenriver 8
river_provinces = LIST { 4494 }		# Goldenriver 7
river_provinces = LIST { 4493 }		# Goldenriver 6
river_provinces = LIST { 4492 }		# Goldenriver 5
river_provinces = LIST { 4496 }		# Goldenriver 9
river_provinces = LIST { 4442 }		# RER10
river_provinces = LIST { 4443 }		# RER11
river_provinces = LIST { 4491 }		# Goldenriver 4
river_provinces = LIST { 4490 }		# Goldenriver 3
river_provinces = LIST { 4489 }		# Goldenriver 2
river_provinces = LIST { 4488 }		# Goldenriver 1
river_provinces = LIST { 4418 }		# BRIM4
river_provinces = LIST { 4419 }		# BRIM5
river_provinces = LIST { 4420 }		# BRIM6
river_provinces = LIST { 4421 }		# Greenstone
river_provinces = LIST { 4672 }		# Bear River 1
river_provinces = LIST { 4673 }		# Bear River 2
river_provinces = LIST { 4674 }		# Bear River 3
river_provinces = LIST { 4432 }		# BON2
river_provinces = LIST { 4431 }		# BON1
river_provinces = LIST { 4653 }		# Last River 2
river_provinces = LIST { 4654 }		# Last River 3
river_provinces = LIST { 4655 }		# Last River 4
river_provinces = LIST { 4656 }		# Last River 5
river_provinces = LIST { 4652 }		# Last River 1
river_provinces = LIST { 4657 }		# Last River 6
river_provinces = LIST { 4548 }		# Godriver 15
river_provinces = LIST { 4549 }		# Godriver 16
river_provinces = LIST { 4550 }		# Godriver 17
river_provinces = LIST { 4551 }		# Godriver 18
river_provinces = LIST { 4544 }		# Godriver 11
river_provinces = LIST { 4545 }		# Godriver 12
river_provinces = LIST { 4546 }		# Godriver 13
river_provinces = LIST { 4547 }		# Godriver 14
river_provinces = LIST { 4487 }		# N Mander 9
river_provinces = LIST { 4423 }		# Vaith2
river_provinces = LIST { 4486 }		# N Mander 8
river_provinces = LIST { 4485 }		# N Mander 7
river_provinces = LIST { 4626 }		# Flint Stream 9
river_provinces = LIST { 4552 }		# Godriver 19
river_provinces = LIST { 4622 }		# Flint Stream 5
river_provinces = LIST { 4623 }		# Flint Stream 6
river_provinces = LIST { 4624 }		# Flint Stream 7
river_provinces = LIST { 4625 }		# Flint Stream 8
river_provinces = LIST { 4618 }		# Flint Stream 1
river_provinces = LIST { 4619 }		# Flint Stream 2
river_provinces = LIST { 4620 }		# Flint Stream 3
river_provinces = LIST { 4621 }		# Flint Stream 4
river_provinces = LIST { 4543 }		# Godriver 10
river_provinces = LIST { 4588 }		# Green Fork 19
river_provinces = LIST { 4559 }		# Godriver 26
river_provinces = LIST { 4587 }		# Green Fork 18
river_provinces = LIST { 4560 }		# Godriver 27
river_provinces = LIST { 4658 }		# Wolfriver 1
river_provinces = LIST { 4660 }		# Wolfriver 3
river_provinces = LIST { 4555 }		# Godriver 22
river_provinces = LIST { 4659 }		# Wolfriver 2
river_provinces = LIST { 4556 }		# Godriver 23
river_provinces = LIST { 4662 }		# Wolfriver 5
river_provinces = LIST { 4557 }		# Godriver 24
river_provinces = LIST { 4661 }		# Wolfriver 4
river_provinces = LIST { 4558 }		# Godriver 25
river_provinces = LIST { 4580 }		# Green Fork 11
river_provinces = LIST { 4579 }		# Green Fork 10
river_provinces = LIST { 4582 }		# Green Fork 13
river_provinces = LIST { 4581 }		# Green Fork 12
river_provinces = LIST { 4584 }		# Green Fork 15
river_provinces = LIST { 4583 }		# Green Fork 14
river_provinces = LIST { 4586 }		# Green Fork 17
river_provinces = LIST { 4585 }		# Green Fork 16
river_provinces = LIST { 4415 }		# BRIM1
river_provinces = LIST { 4416 }		# BRIM2
river_provinces = LIST { 4417 }		# BRIM3
river_provinces = LIST { 4664 }		# Wolfriver 7
river_provinces = LIST { 4663 }		# Wolfriver 6
river_provinces = LIST { 4553 }		# Godriver 20
river_provinces = LIST { 4665 }		# Wolfriver 8
river_provinces = LIST { 4554 }		# Godriver 21
river_provinces = LIST { 4681 }		# Frostrush 6
river_provinces = LIST { 4682 }		# Frostrush 7
river_provinces = LIST { 4679 }		# Frostrush 4
river_provinces = LIST { 4680 }		# Frostrush 5
river_provinces = LIST { 4683 }		# Frostrush 8
river_provinces = LIST { 4666 }		# Whitstrean 1
river_provinces = LIST { 4684 }		# Frostrush 9
river_provinces = LIST { 4667 }		# Whitstrean 2
river_provinces = LIST { 4524 }		# Wendriver 1
river_provinces = LIST { 4675 }		# Skagi River
river_provinces = LIST { 4526 }		# Wendriver 3
river_provinces = LIST { 4525 }		# Wendriver 2
river_provinces = LIST { 4527 }		# Wendriver 4
river_provinces = LIST { 4500 }		# Goldenriver 13
river_provinces = LIST { 4499 }		# Goldenriver 12
river_provinces = LIST { 4498 }		# Goldenriver 11
river_provinces = LIST { 4497 }		# Goldenriver 10
river_provinces = LIST { 4677 }		# Frostrush 2
river_provinces = LIST { 4678 }		# Frostrush 3
river_provinces = LIST { 4676 }		# Frostrush 1
river_provinces = LIST { 4534 }		# Godriver 1
river_provinces = LIST { 4536 }		# Godriver 3
river_provinces = LIST { 4535 }		# Godriver 2
river_provinces = LIST { 4642 }		# Whiteriver 12
river_provinces = LIST { 4538 }		# Godriver 5
river_provinces = LIST { 4643 }		# Whiteriver 13
river_provinces = LIST { 4537 }		# Godriver 4
river_provinces = LIST { 4640 }		# Whiteriver 10
river_provinces = LIST { 4540 }		# Godriver 7
river_provinces = LIST { 4641 }		# Whiteriver 11
river_provinces = LIST { 4539 }		# Godriver 6
river_provinces = LIST { 4542 }		# Godriver 9
river_provinces = LIST { 4541 }		# Godriver 8
river_provinces = LIST { 4691 }		# Nor River 4
river_provinces = LIST { 4690 }		# Nor River 3
river_provinces = LIST { 4501 }		# Goldenriver 14
river_provinces = LIST { 4689 }		# Nor River 2
river_provinces = LIST { 4573 }		# Green Fork 4
river_provinces = LIST { 4688 }		# Nor River 1
river_provinces = LIST { 4572 }		# Green Fork 3
river_provinces = LIST { 4571 }		# Green Fork 2
river_provinces = LIST { 4570 }		# Green Fork 1
river_provinces = LIST { 4577 }		# Green Fork 8
river_provinces = LIST { 4576 }		# Green Fork 7
river_provinces = LIST { 4575 }		# Green Fork 6
river_provinces = LIST { 4574 }		# Green Fork 5
river_provinces = LIST { 4578 }		# Green Fork 9
river_provinces = LIST { 4597 }		# Blue Fork 3
river_provinces = LIST { 4650 }		# Whiteriver 20
river_provinces = LIST { 4596 }		# Blue Fork 2
river_provinces = LIST { 4595 }		# Blue Fork 1
river_provinces = LIST { 4615 }		# Blue Fork 21
river_provinces = LIST { 4601 }		# Blue Fork 7
river_provinces = LIST { 4614 }		# Blue Fork 20
river_provinces = LIST { 4600 }		# Blue Fork 6
river_provinces = LIST { 4651 }		# Whiteriver 21
river_provinces = LIST { 4599 }		# Blue Fork 5
river_provinces = LIST { 4598 }		# Blue Fork 4
river_provinces = LIST { 4617 }		# Blue Fork 23
river_provinces = LIST { 4616 }		# Blue Fork 22
river_provinces = LIST { 4630 }		# Mydstream 3
river_provinces = LIST { 4629 }		# Mydstream 2
river_provinces = LIST { 4512 }		# Redriver 1
river_provinces = LIST { 4628 }		# Mydstream 1
river_provinces = LIST { 4613 }		# Blue Fork 19
river_provinces = LIST { 4632 }		# Whiteriver 2
river_provinces = LIST { 4631 }		# Whiteriver 1
river_provinces = LIST { 4634 }		# Whiteriver 4
river_provinces = LIST { 4633 }		# Whiteriver 3
river_provinces = LIST { 4646 }		# Whiteriver 16
river_provinces = LIST { 4636 }		# Whiteriver 6
river_provinces = LIST { 4647 }		# Whiteriver 17
river_provinces = LIST { 4635 }		# Whiteriver 5
river_provinces = LIST { 4644 }		# Whiteriver 14
river_provinces = LIST { 4638 }		# Whiteriver 8
river_provinces = LIST { 4645 }		# Whiteriver 15
river_provinces = LIST { 4637 }		# Whiteriver 7
river_provinces = LIST { 4639 }		# Whiteriver 9
river_provinces = LIST { 4648 }		# Whiteriver 18
river_provinces = LIST { 4649 }		# Whiteriver 19
river_provinces = LIST { 4511 }		# Mistriver 1
river_provinces = LIST { 4603 }		# Blue Fork 9
river_provinces = LIST { 4602 }		# Blue Fork 8
river_provinces = LIST { 4708 }		# Re12
river_provinces = LIST { 4706 }		# Re10
river_provinces = LIST { 4669 }		# Kar River 1
river_provinces = LIST { 4707 }		# Re11
river_provinces = LIST { 4671 }		# Kar River 3
river_provinces = LIST { 4670 }		# Kar River 2
river_provinces = LIST { 4627 }		# Flint Stream 10
river_provinces = LIST { 4425 }		# Scourge2
river_provinces = LIST { 4604 }		# Blue Fork 10
river_provinces = LIST { 4608 }		# Blue Fork 14
river_provinces = LIST { 4565 }		# Westriver 5
river_provinces = LIST { 4607 }		# Blue Fork 13
river_provinces = LIST { 4566 }		# Westriver 6
river_provinces = LIST { 4606 }		# Blue Fork 12
river_provinces = LIST { 4563 }		# Westriver 3
river_provinces = LIST { 4605 }		# Blue Fork 11
river_provinces = LIST { 4564 }		# Westriver 4
river_provinces = LIST { 4612 }		# Blue Fork 18
river_provinces = LIST { 4611 }		# Blue Fork 17
river_provinces = LIST { 4424 }		# Scourge1
river_provinces = LIST { 4610 }		# Blue Fork 16
river_provinces = LIST { 4609 }		# Blue Fork 15
river_provinces = LIST { 4569 }		# Lionriver 3
river_provinces = LIST { 4474 }		# Eastern Mander 8
river_provinces = LIST { 4437 }		# RER5
river_provinces = LIST { 4568 }		# Lionriver 2
river_provinces = LIST { 4473 }		# Eastern Mander 7
river_provinces = LIST { 4438 }		# RER6
river_provinces = LIST { 4567 }		# Lionriver 1
river_provinces = LIST { 4472 }		# Eastern Mander 6
river_provinces = LIST { 4435 }		# RER3
river_provinces = LIST { 4471 }		# Eastern Mander 5
river_provinces = LIST { 4436 }		# RER4
river_provinces = LIST { 4561 }		# Westriver 1
river_provinces = LIST { 4433 }		# RER1
river_provinces = LIST { 4562 }		# Westriver 2
river_provinces = LIST { 4434 }		# RER2
river_provinces = LIST { 4470 }		# Eastern Mander 4
river_provinces = LIST { 4441 }		# RER9
river_provinces = LIST { 4469 }		# Eastern Mander 3
river_provinces = LIST { 4468 }		# Eastern Mander 2
river_provinces = LIST { 4439 }		# RER7
river_provinces = LIST { 4467 }		# Eastern Mander 1
river_provinces = LIST { 4440 }		# RER8
river_provinces = LIST { 4711 }		# Boiling Rivers 3
river_provinces = LIST { 4507 }		# Wrathriver 6
river_provinces = LIST { 4712 }		# Boiling Rivers 4
river_provinces = LIST { 4508 }		# Wrathriver 7
river_provinces = LIST { 4713 }		# Boiling Rivers 5
river_provinces = LIST { 4509 }		# Wrathriver 8
river_provinces = LIST { 4714 }		# Boiling Rivers 6
river_provinces = LIST { 4510 }		# Wrathriver 9
river_provinces = LIST { 4715 }		# Boiling Rivers 7
river_provinces = LIST { 4716 }		# Boiling Rivers 8
river_provinces = LIST { 4502 }		# Wrathriver 1
river_provinces = LIST { 4503 }		# Wrathriver 2
river_provinces = LIST { 4504 }		# Wrathriver 3
river_provinces = LIST { 4709 }		# Boiling Rivers 1
river_provinces = LIST { 4505 }		# Wrathriver 4
river_provinces = LIST { 4710 }		# Boiling Rivers 2
river_provinces = LIST { 4506 }		# Wrathriver 5
river_provinces = LIST { 4517 }		# Stormriver 5
river_provinces = LIST { 4668 }		# Io 1
river_provinces = LIST { 4518 }		# Stormriver 6
river_provinces = LIST { 4519 }		# Stormriver 7
river_provinces = LIST { 4513 }		# Stormriver 1
river_provinces = LIST { 4685 }		# Frostrush 10
river_provinces = LIST { 4514 }		# Stormriver 2
river_provinces = LIST { 4515 }		# Stormriver 3
river_provinces = LIST { 4516 }		# Stormriver 4
river_provinces = LIST { 4686 }		# Frostrush 11
river_provinces = LIST { 4687 }		# Frostrush 12


########
# LAKES
########


#####################
# IMPASSABLE TERRAIN
#####################
impassable_mountains = RANGE { 4123 4199 }


############
# WASTELAND
############



