definitions = "definition.csv"
provinces = "provinces.png"
rivers = "rivers.png"
topology = "heightmap.heightmap"
continent = "continent.txt"
adjacencies = "adjacencies.csv"
island_region = "island_region.txt"
geographical_region = "geographical_region.txt"
seasons = "seasons.txt"

#############
# SEA ZONES
#############
sea_zones = RANGE { 5000 5214 }


#############
# IMPASSABLE SEAS
#############


###############
# MAJOR RIVERS
###############
river_provinces = LIST { 5380 }		# 5380.0
river_provinces = LIST { 5361 }		# 5361.0
river_provinces = LIST { 5384 }		# 5384.0
river_provinces = LIST { 5365 }		# 5365.0
river_provinces = LIST { 5342 }		# 5342.0
river_provinces = LIST { 5279 }		# 5279.0
river_provinces = LIST { 5256 }		# 5256.0
river_provinces = LIST { 5237 }		# 5237.0
river_provinces = LIST { 5218 }		# 5218.0
river_provinces = LIST { 5339 }		# 5339.0
river_provinces = LIST { 5282 }		# 5282.0
river_provinces = LIST { 5240 }		# 5240.0
river_provinces = LIST { 5316 }		# 5316.0
river_provinces = LIST { 5335 }		# 5335.0
river_provinces = LIST { 5286 }		# 5286.0
river_provinces = LIST { 5263 }		# 5263.0
river_provinces = LIST { 5244 }		# 5244.0
river_provinces = LIST { 5221 }		# 5221.0
river_provinces = LIST { 5312 }		# 5312.0
river_provinces = LIST { 5377 }		# 5377.0
river_provinces = LIST { 5358 }		# 5358.0
river_provinces = LIST { 5372 }		# 5372.0
river_provinces = LIST { 5376 }		# 5376.0
river_provinces = LIST { 5353 }		# 5353.0
river_provinces = LIST { 5330 }		# 5330.0
river_provinces = LIST { 5267 }		# 5267.0
river_provinces = LIST { 5248 }		# 5248.0
river_provinces = LIST { 5225 }		# 5225.0
river_provinces = LIST { 5229 }		# 5229.0
river_provinces = LIST { 5297 }		# 5297.0
river_provinces = LIST { 5251 }		# 5251.0
river_provinces = LIST { 5327 }		# 5327.0
river_provinces = LIST { 5304 }		# 5304.0
river_provinces = LIST { 5270 }		# 5270.0
river_provinces = LIST { 5346 }		# 5346.0
river_provinces = LIST { 5293 }		# 5293.0
river_provinces = LIST { 5255 }		# 5255.0
river_provinces = LIST { 5323 }		# 5323.0
river_provinces = LIST { 5300 }		# 5300.0
river_provinces = LIST { 5274 }		# 5274.0
river_provinces = LIST { 5232 }		# 5232.0
river_provinces = LIST { 5369 }		# 5369.0
river_provinces = LIST { 5308 }		# 5308.0
river_provinces = LIST { 5381 }		# 5381.0
river_provinces = LIST { 5385 }		# 5385.0
river_provinces = LIST { 5362 }		# 5362.0
river_provinces = LIST { 5343 }		# 5343.0
river_provinces = LIST { 5320 }		# 5320.0
river_provinces = LIST { 5234 }		# 5234.0
river_provinces = LIST { 5257 }		# 5257.0
river_provinces = LIST { 5215 }		# 5215.0
river_provinces = LIST { 5238 }		# 5238.0
river_provinces = LIST { 5219 }		# 5219.0
river_provinces = LIST { 5317 }		# 5317.0
river_provinces = LIST { 5283 }		# 5283.0
river_provinces = LIST { 5260 }		# 5260.0
river_provinces = LIST { 5336 }		# 5336.0
river_provinces = LIST { 5313 }		# 5313.0
river_provinces = LIST { 5287 }		# 5287.0
river_provinces = LIST { 5241 }		# 5241.0
river_provinces = LIST { 5264 }		# 5264.0
river_provinces = LIST { 5222 }		# 5222.0
river_provinces = LIST { 5378 }		# 5378.0
river_provinces = LIST { 5355 }		# 5355.0
river_provinces = LIST { 5359 }		# 5359.0
river_provinces = LIST { 5350 }		# 5350.0
river_provinces = LIST { 5373 }		# 5373.0
river_provinces = LIST { 5354 }		# 5354.0
river_provinces = LIST { 5331 }		# 5331.0
river_provinces = LIST { 5245 }		# 5245.0
river_provinces = LIST { 5268 }		# 5268.0
river_provinces = LIST { 5226 }		# 5226.0
river_provinces = LIST { 5249 }		# 5249.0
river_provinces = LIST { 5328 }		# 5328.0
river_provinces = LIST { 5298 }		# 5298.0
river_provinces = LIST { 5271 }		# 5271.0
river_provinces = LIST { 5305 }		# 5305.0
river_provinces = LIST { 5347 }		# 5347.0
river_provinces = LIST { 5324 }		# 5324.0
river_provinces = LIST { 5294 }		# 5294.0
river_provinces = LIST { 5275 }		# 5275.0
river_provinces = LIST { 5252 }		# 5252.0
river_provinces = LIST { 5233 }		# 5233.0
river_provinces = LIST { 5301 }		# 5301.0
river_provinces = LIST { 5366 }		# 5366.0
river_provinces = LIST { 5290 }		# 5290.0
river_provinces = LIST { 5309 }		# 5309.0
river_provinces = LIST { 5382 }		# 5382.0
river_provinces = LIST { 5363 }		# 5363.0
river_provinces = LIST { 5386 }		# 5386.0
river_provinces = LIST { 5258 }		# 5258.0
river_provinces = LIST { 5235 }		# 5235.0
river_provinces = LIST { 5321 }		# 5321.0
river_provinces = LIST { 5340 }		# 5340.0
river_provinces = LIST { 5239 }		# 5239.0
river_provinces = LIST { 5216 }		# 5216.0
river_provinces = LIST { 5284 }		# 5284.0
river_provinces = LIST { 5261 }		# 5261.0
river_provinces = LIST { 5318 }		# 5318.0
river_provinces = LIST { 5337 }		# 5337.0
river_provinces = LIST { 5288 }		# 5288.0
river_provinces = LIST { 5265 }		# 5265.0
river_provinces = LIST { 5242 }		# 5242.0
river_provinces = LIST { 5314 }		# 5314.0
river_provinces = LIST { 5333 }		# 5333.0
river_provinces = LIST { 5356 }		# 5356.0
river_provinces = LIST { 5379 }		# 5379.0
river_provinces = LIST { 5280 }		# 5280.0
river_provinces = LIST { 5370 }		# 5370.0
river_provinces = LIST { 5374 }		# 5374.0
river_provinces = LIST { 5351 }		# 5351.0
river_provinces = LIST { 5332 }		# 5332.0
river_provinces = LIST { 5269 }		# 5269.0
river_provinces = LIST { 5246 }		# 5246.0
river_provinces = LIST { 5223 }		# 5223.0
river_provinces = LIST { 5227 }		# 5227.0
river_provinces = LIST { 5329 }		# 5329.0
river_provinces = LIST { 5306 }		# 5306.0
river_provinces = LIST { 5272 }		# 5272.0
river_provinces = LIST { 5299 }		# 5299.0
river_provinces = LIST { 5325 }		# 5325.0
river_provinces = LIST { 5302 }		# 5302.0
river_provinces = LIST { 5276 }		# 5276.0
river_provinces = LIST { 5230 }		# 5230.0
river_provinces = LIST { 5344 }		# 5344.0
river_provinces = LIST { 5295 }		# 5295.0
river_provinces = LIST { 5253 }		# 5253.0
river_provinces = LIST { 5367 }		# 5367.0
river_provinces = LIST { 5291 }		# 5291.0
river_provinces = LIST { 5348 }		# 5348.0
river_provinces = LIST { 5383 }		# 5383.0
river_provinces = LIST { 5360 }		# 5360.0
river_provinces = LIST { 5364 }		# 5364.0
river_provinces = LIST { 5259 }		# 5259.0
river_provinces = LIST { 5341 }		# 5341.0
river_provinces = LIST { 5278 }		# 5278.0
river_provinces = LIST { 5236 }		# 5236.0
river_provinces = LIST { 5217 }		# 5217.0
river_provinces = LIST { 5262 }		# 5262.0
river_provinces = LIST { 5338 }		# 5338.0
river_provinces = LIST { 5315 }		# 5315.0
river_provinces = LIST { 5281 }		# 5281.0
river_provinces = LIST { 5266 }		# 5266.0
river_provinces = LIST { 5220 }		# 5220.0
river_provinces = LIST { 5334 }		# 5334.0
river_provinces = LIST { 5311 }		# 5311.0
river_provinces = LIST { 5285 }		# 5285.0
river_provinces = LIST { 5243 }		# 5243.0
river_provinces = LIST { 5357 }		# 5357.0
river_provinces = LIST { 5319 }		# 5319.0
river_provinces = LIST { 5371 }		# 5371.0
river_provinces = LIST { 5352 }		# 5352.0
river_provinces = LIST { 5375 }		# 5375.0
river_provinces = LIST { 5310 }		# 5310.0
river_provinces = LIST { 5224 }		# 5224.0
river_provinces = LIST { 5289 }		# 5289.0
river_provinces = LIST { 5247 }		# 5247.0
river_provinces = LIST { 5228 }		# 5228.0
river_provinces = LIST { 5296 }		# 5296.0
river_provinces = LIST { 5273 }		# 5273.0
river_provinces = LIST { 5250 }		# 5250.0
river_provinces = LIST { 5307 }		# 5307.0
river_provinces = LIST { 5326 }		# 5326.0
river_provinces = LIST { 5292 }		# 5292.0
river_provinces = LIST { 5277 }		# 5277.0
river_provinces = LIST { 5254 }		# 5254.0
river_provinces = LIST { 5231 }		# 5231.0
river_provinces = LIST { 5303 }		# 5303.0
river_provinces = LIST { 5345 }		# 5345.0
river_provinces = LIST { 5322 }		# 5322.0
river_provinces = LIST { 5368 }		# 5368.0
river_provinces = LIST { 5349 }		# 5349.0


########
# LAKES
########


#####################
# IMPASSABLE TERRAIN
#####################


############
# WASTELAND
############
impassable_mountains = RANGE { 5387 5463 }



